Collecting faster-whisper
  Using cached faster_whisper-1.2.1-py3-none-any.whl.metadata (16 kB)
Collecting nvidia-cublas-cu12
  Using cached nvidia_cublas_cu12-12.9.2.10-py3-none-win_amd64.whl.metadata (1.8 kB)
Collecting nvidia-cudnn-cu12
  Downloading nvidia_cudnn_cu12-9.27.0.42-py3-none-win_amd64.whl.metadata (1.9 kB)
Collecting sherpa-onnx
  Downloading sherpa_onnx-1.13.8-cp311-cp311-win_amd64.whl.metadata (54 kB)
Collecting soundfile
  Using cached soundfile-0.14.0-py2.py3-none-win_amd64.whl.metadata (18 kB)
Collecting numpy
  Using cached numpy-2.4.6-cp311-cp311-win_amd64.whl.metadata (6.6 kB)
Collecting httpx
  Using cached httpx-0.28.1-py3-none-any.whl.metadata (7.1 kB)
Collecting jiwer
  Downloading jiwer-4.0.0-py3-none-any.whl.metadata (3.3 kB)
Collecting ctranslate2<5,>=4.0 (from faster-whisper)
  Using cached ctranslate2-4.8.2-cp311-cp311-win_amd64.whl.metadata (11 kB)
Collecting huggingface-hub>=0.21 (from faster-whisper)
  Downloading huggingface_hub-2.2.0-py3-none-any.whl.metadata (16 kB)
Collecting tokenizers<1,>=0.13 (from faster-whisper)
  Downloading tokenizers-0.23.3-cp310-abi3-win_amd64.whl.metadata (10 kB)
Collecting onnxruntime<2,>=1.14 (from faster-whisper)
  Downloading onnxruntime-1.31.0-cp311-cp311-win_amd64.whl.metadata (6.0 kB)
Collecting av>=11 (from faster-whisper)
  Using cached av-18.1.0-cp311-abi3-win_amd64.whl.metadata (5.1 kB)
Collecting tqdm (from faster-whisper)
  Downloading tqdm-4.70.1-py3-none-any.whl.metadata (57 kB)
Collecting pyyaml<7,>=5.3 (from ctranslate2<5,>=4.0->faster-whisper)
  Using cached pyyaml-6.0.3-cp311-cp311-win_amd64.whl.metadata (2.4 kB)
Collecting flatbuffers (from onnxruntime<2,>=1.14->faster-whisper)
  Using cached flatbuffers-25.12.19-py2.py3-none-any.whl.metadata (1.0 kB)
Collecting packaging (from onnxruntime<2,>=1.14->faster-whisper)
  Using cached packaging-26.3-py3-none-any.whl.metadata (3.5 kB)
Collecting protobuf>=4.25.8 (from onnxruntime<2,>=1.14->faster-whisper)
  Downloading protobuf-7.36.2-cp310-abi3-win_amd64.whl.metadata (595 bytes)
Collecting click<9.0.0,>=8.4.2 (from huggingface-hub>=0.21->faster-whisper)
  Using cached click-8.5.0-py3-none-any.whl.metadata (2.6 kB)
Collecting filelock>=3.10.0 (from huggingface-hub>=0.21->faster-whisper)
  Downloading filelock-4.1.0-py3-none-any.whl.metadata (2.0 kB)
Collecting fsspec>=2023.5.0 (from huggingface-hub>=0.21->faster-whisper)
  Downloading fsspec-2026.9.0-py3-none-any.whl.metadata (10 kB)
Collecting hf-xet<2.0.0,>=1.6.0 (from huggingface-hub>=0.21->faster-whisper)
  Downloading hf_xet-1.7.0-cp38-abi3-win_amd64.whl.metadata (4.9 kB)
Collecting httpx2<3,>=2.0.0 (from huggingface-hub>=0.21->faster-whisper)
  Downloading httpx2-2.13.1-py3-none-any.whl.metadata (9.8 kB)
Collecting typing-extensions>=4.1.0 (from huggingface-hub>=0.21->faster-whisper)
  Using cached typing_extensions-4.16.0-py3-none-any.whl.metadata (3.3 kB)
Collecting anyio>=4.10 (from httpx2<3,>=2.0.0->huggingface-hub>=0.21->faster-whisper)
  Using cached anyio-4.15.1-py3-none-any.whl.metadata (4.7 kB)
Collecting httpcore2==2.13.1 (from httpx2<3,>=2.0.0->huggingface-hub>=0.21->faster-whisper)
  Downloading httpcore2-2.13.1-py3-none-any.whl.metadata (26 kB)
Collecting idna>=3.18 (from httpx2<3,>=2.0.0->huggingface-hub>=0.21->faster-whisper)
  Downloading idna-3.20-py3-none-any.whl.metadata (7.2 kB)
Collecting truststore>=0.10 (from httpx2<3,>=2.0.0->huggingface-hub>=0.21->faster-whisper)
  Downloading truststore-0.10.4-py3-none-any.whl.metadata (4.4 kB)
Collecting h11>=0.16 (from httpcore2==2.13.1->httpx2<3,>=2.0.0->huggingface-hub>=0.21->faster-whisper)
  Using cached h11-0.16.0-py3-none-any.whl.metadata (8.3 kB)
Collecting nvidia-cuda-nvrtc-cu12 (from nvidia-cublas-cu12)
  Using cached nvidia_cuda_nvrtc_cu12-12.9.86-py3-none-win_amd64.whl.metadata (1.7 kB)
Collecting sherpa-onnx-core==1.13.8 (from sherpa-onnx)
  Downloading sherpa_onnx_core-1.13.8-py3-none-win_amd64.whl.metadata (532 bytes)
Collecting cffi>=1.0 (from soundfile)
  Using cached cffi-2.1.1-cp311-cp311-win_amd64.whl.metadata (2.6 kB)
Collecting certifi (from httpx)
  Using cached certifi-2026.7.22-py3-none-any.whl.metadata (2.5 kB)
Collecting httpcore==1.* (from httpx)
  Using cached httpcore-1.0.9-py3-none-any.whl.metadata (21 kB)
Collecting rapidfuzz>=3.9.7 (from jiwer)
  Downloading rapidfuzz-3.14.6-cp311-cp311-win_amd64.whl.metadata (12 kB)
Collecting pycparser (from cffi>=1.0->soundfile)
  Downloading pycparser-3.11-py3-none-any.whl.metadata (8.2 kB)
Collecting colorama (from tqdm->faster-whisper)
  Using cached colorama-0.4.6-py2.py3-none-any.whl.metadata (17 kB)
Using cached faster_whisper-1.2.1-py3-none-any.whl (1.1 MB)
Using cached ctranslate2-4.8.2-cp311-cp311-win_amd64.whl (19.2 MB)
Downloading onnxruntime-1.31.0-cp311-cp311-win_amd64.whl (14.9 MB)
   ---------------------------------------- 14.9/14.9 MB 42.5 MB/s  0:00:00
Using cached pyyaml-6.0.3-cp311-cp311-win_amd64.whl (158 kB)
Downloading tokenizers-0.23.3-cp310-abi3-win_amd64.whl (2.9 MB)
   ---------------------------------------- 2.9/2.9 MB 55.5 MB/s  0:00:00
Downloading huggingface_hub-2.2.0-py3-none-any.whl (839 kB)
   ---------------------------------------- 839.9/839.9 kB ?  0:00:00
Using cached click-8.5.0-py3-none-any.whl (125 kB)
Downloading hf_xet-1.7.0-cp38-abi3-win_amd64.whl (3.8 MB)
   ---------------------------------------- 3.8/3.8 MB 75.8 MB/s  0:00:00
Downloading httpx2-2.13.1-py3-none-any.whl (95 kB)
Downloading httpcore2-2.13.1-py3-none-any.whl (83 kB)
Using cached nvidia_cublas_cu12-12.9.2.10-py3-none-win_amd64.whl (553.2 MB)
Downloading nvidia_cudnn_cu12-9.27.0.42-py3-none-win_amd64.whl (743.1 MB)
   ---------------------------------------- 743.1/743.1 MB 67.3 MB/s  0:00:11
Downloading sherpa_onnx-1.13.8-cp311-cp311-win_amd64.whl (2.3 MB)
   ---------------------------------------- 2.3/2.3 MB 63.2 MB/s  0:00:00
Downloading sherpa_onnx_core-1.13.8-py3-none-win_amd64.whl (16.9 MB)
   ---------------------------------------- 16.9/16.9 MB 76.0 MB/s  0:00:00
Using cached soundfile-0.14.0-py2.py3-none-win_amd64.whl (1.0 MB)
Using cached numpy-2.4.6-cp311-cp311-win_amd64.whl (12.6 MB)
Using cached httpx-0.28.1-py3-none-any.whl (73 kB)
Using cached httpcore-1.0.9-py3-none-any.whl (78 kB)
Downloading jiwer-4.0.0-py3-none-any.whl (23 kB)
Using cached anyio-4.15.1-py3-none-any.whl (132 kB)
Using cached av-18.1.0-cp311-abi3-win_amd64.whl (27.6 MB)
Using cached cffi-2.1.1-cp311-cp311-win_amd64.whl (185 kB)
Downloading filelock-4.1.0-py3-none-any.whl (133 kB)
Downloading fsspec-2026.9.0-py3-none-any.whl (221 kB)
Using cached h11-0.16.0-py3-none-any.whl (37 kB)
Downloading idna-3.20-py3-none-any.whl (69 kB)
Using cached packaging-26.3-py3-none-any.whl (129 kB)
Downloading protobuf-7.36.2-cp310-abi3-win_amd64.whl (456 kB)
Downloading rapidfuzz-3.14.6-cp311-cp311-win_amd64.whl (1.7 MB)
   ---------------------------------------- 1.7/1.7 MB 31.4 MB/s  0:00:00
Downloading tqdm-4.70.1-py3-none-any.whl (80 kB)
Downloading truststore-0.10.4-py3-none-any.whl (18 kB)
Using cached typing_extensions-4.16.0-py3-none-any.whl (45 kB)
Using cached certifi-2026.7.22-py3-none-any.whl (136 kB)
Using cached colorama-0.4.6-py2.py3-none-any.whl (25 kB)
Using cached flatbuffers-25.12.19-py2.py3-none-any.whl (26 kB)
Using cached nvidia_cuda_nvrtc_cu12-12.9.86-py3-none-win_amd64.whl (76.4 MB)
Downloading pycparser-3.11-py3-none-any.whl (51 kB)
Installing collected packages: sherpa-onnx-core, flatbuffers, typing-extensions, truststore, sherpa-onnx, rapidfuzz, pyyaml, pycparser, protobuf, packaging, nvidia-cuda-nvrtc-cu12, numpy, idna, hf-xet, h11, fsspec, filelock, colorama, click, certifi, av, tqdm, onnxruntime, nvidia-cublas-cu12, jiwer, httpcore2, httpcore, ctranslate2, cffi, anyio, soundfile, nvidia-cudnn-cu12, httpx2, httpx, huggingface-hub, tokenizers, faster-whisper

Successfully installed anyio-4.15.1 av-18.1.0 certifi-2026.7.22 cffi-2.1.1 click-8.5.0 colorama-0.4.6 ctranslate2-4.8.2 faster-whisper-1.2.1 filelock-4.1.0 flatbuffers-25.12.19 fsspec-2026.9.0 h11-0.16.0 hf-xet-1.7.0 httpcore-1.0.9 httpcore2-2.13.1 httpx-0.28.1 httpx2-2.13.1 huggingface-hub-2.2.0 idna-3.20 jiwer-4.0.0 numpy-2.4.6 nvidia-cublas-cu12-12.9.2.10 nvidia-cuda-nvrtc-cu12-12.9.86 nvidia-cudnn-cu12-9.27.0.42 onnxruntime-1.31.0 packaging-26.3 protobuf-7.36.2 pycparser-3.11 pyyaml-6.0.3 rapidfuzz-3.14.6 sherpa-onnx-1.13.8 sherpa-onnx-core-1.13.8 soundfile-0.14.0 tokenizers-0.23.3 tqdm-4.70.1 truststore-0.10.4 typing-extensions-4.16.0
